Git Branching : 
 
Create 2 test folder and then enter some content :
Small story to learn Branching is : let suppose we have 2 folder and our manager ask to do some changes and we have fear someting not went wrong.
So in this case we can simply create branch.

ADOBENET+pardkuma@AP-PC1SLWME MINGW64 ~/OneDrive - Adobe/Desktop/Branching_Git
$ git status
fatal: not a git repository (or any of the parent directories): .git

ADOBENET+pardkuma@AP-PC1SLWME MINGW64 ~/OneDrive - Adobe/Desktop/Branching_Git
$ git init
Initialized empty Git repository in C:/Users/pardkuma/OneDrive - Adobe/Desktop/Branching_Git/.git/

ADOBENET+pardkuma@AP-PC1SLWME MINGW64 ~/OneDrive - Adobe/Desktop/Branching_Git (master)
$ git status
On branch master

No commits yet

nothing to commit (create/copy files and use "git add" to track)

ADOBENET+pardkuma@AP-PC1SLWME MINGW64 ~/OneDrive - Adobe/Desktop/Branching_Git (master)
$ ls -la
total 8
drwxr-xr-x 1 ADOBENET+pardkuma 4096 0 Jul 28 16:24 ./
drwxr-xr-x 1 ADOBENET+pardkuma 4096 0 Jul 28 16:24 ../
drwxr-xr-x 1 ADOBENET+pardkuma 4096 0 Jul 28 16:24 .git/

ADOBENET+pardkuma@AP-PC1SLWME MINGW64 ~/OneDrive - Adobe/Desktop/Branching_Git (master)
$ git status
On branch master

No commits yet

Untracked files:
  (use "git add <file>..." to include in what will be committed)
        test1.txt
        test2.txt

nothing added to commit but untracked files present (use "git add" to track)

ADOBENET+pardkuma@AP-PC1SLWME MINGW64 ~/OneDrive - Adobe/Desktop/Branching_Git (master)
$ git log
fatal: your current branch 'master' does not have any commits yet

ADOBENET+pardkuma@AP-PC1SLWME MINGW64 ~/OneDrive - Adobe/Desktop/Branching_Git (master)
$ git add .



ADOBENET+pardkuma@AP-PC1SLWME MINGW64 ~/OneDrive - Adobe/Desktop/Branching_Git (master)
$ git commit -m 'branch'
[master (root-commit) 6388d19] branch
 2 files changed, 2 insertions(+)
 create mode 100644 test1.txt
 create mode 100644 test2.txt

ADOBENET+pardkuma@AP-PC1SLWME MINGW64 ~/OneDrive - Adobe/Desktop/Branching_Git (master)
$ git log
commit 6388d19943e5e5170e5d9fae56f74a26aa0e6fcf (HEAD -> master)
Author: Pardeep Kumar <parkmr027@gmail.com>
Date:   Wed Jul 28 16:27:16 2021 +0530

    branch

ADOBENET+pardkuma@AP-PC1SLWME MINGW64 ~/OneDrive - Adobe/Desktop/Branching_Git (master)
$ git remote add origin git@github.com:parkmr027/branching-git.git

ADOBENET+pardkuma@AP-PC1SLWME MINGW64 ~/OneDrive - Adobe/Desktop/Branching_Git (master)
$ git push -u origin master
Enumerating objects: 4, done.
Counting objects: 100% (4/4), done.
Delta compression using up to 8 threads
Compressing objects: 100% (2/2), done.
Writing objects: 100% (4/4), 308 bytes | 308.00 KiB/s, done.
Total 4 (delta 0), reused 0 (delta 0), pack-reused 0
To github.com:parkmr027/branching-git.git
 * [new branch]      master -> master
Branch 'master' set up to track remote branch 'master' from 'origin'.



---------- here one new repository branching-git from git hub and also create one branch from bash that is login-system -----


ADOBENET+pardkuma@AP-PC1SLWME MINGW64 ~/OneDrive - Adobe/Desktop/Branching_Git (master)
$ git branch
* master

ADOBENET+pardkuma@AP-PC1SLWME MINGW64 ~/OneDrive - Adobe/Desktop/Branching_Git (master)
$ git branch login-system

ADOBENET+pardkuma@AP-PC1SLWME MINGW64 ~/OneDrive - Adobe/Desktop/Branching_Git (master)
$ git branch
  login-system
* master

ADOBENET+pardkuma@AP-PC1SLWME MINGW64 ~/OneDrive - Adobe/Desktop/Branching_Git (master)
$ git checkout login-system
Switched to branch 'login-system'

ADOBENET+pardkuma@AP-PC1SLWME MINGW64 ~/OneDrive - Adobe/Desktop/Branching_Git (login-system)
$ git branch
* login-system
  master

ADOBENET+pardkuma@AP-PC1SLWME MINGW64 ~/OneDrive - Adobe/Desktop/Branching_Git (login-system)
$ git status
On branch login-system
Changes not staged for commit:
  (use "git add <file>..." to update what will be committed)
  (use "git restore <file>..." to discard changes in working directory)
        modified:   test1.txt
        modified:   test2.txt

Untracked files:
  (use "git add <file>..." to include in what will be committed)
        Git_branch_history.txt

no changes added to commit (use "git add" and/or "git commit -a")

ADOBENET+pardkuma@AP-PC1SLWME MINGW64 ~/OneDrive - Adobe/Desktop/Branching_Git (login-system)
$ git add .

ADOBENET+pardkuma@AP-PC1SLWME MINGW64 ~/OneDrive - Adobe/Desktop/Branching_Git (login-system)

ADOBENET+pardkuma@AP-PC1SLWME MINGW64 ~/OneDrive - Adobe/Desktop/Branching_Git (login-system)
$ git commit -m "login sysyem"
[login-system bbd7d5a] login sysyem
 3 files changed, 105 insertions(+), 2 deletions(-)
 create mode 100644 Git_branch_history.txt

ADOBENET+pardkuma@AP-PC1SLWME MINGW64 ~/OneDrive - Adobe/Desktop/Branching_Git (login-system)
$ git push -u origin master
Everything up-to-date
Branch 'master' set up to track remote branch 'master' from 'origin'.

ADOBENET+pardkuma@AP-PC1SLWME MINGW64 ~/OneDrive - Adobe/Desktop/Branching_Git (login-system)
$ git push -u origin login-system
Enumerating objects: 8, done.
Counting objects: 100% (8/8), done.
Delta compression using up to 8 threads
Compressing objects: 100% (3/3), done.
Writing objects: 100% (5/5), 1.33 KiB | 1.33 MiB/s, done.
Total 5 (delta 0), reused 0 (delta 0), pack-reused 0
remote:
remote: Create a pull request for 'login-system' on GitHub by visiting:
remote:      https://github.com/parkmr027/branching-git/pull/new/login-system
remote:
To github.com:parkmr027/branching-git.git
 * [new branch]      login-system -> login-system
Branch 'login-system' set up to track remote branch 'login-system' from 'origin'.

ADOBENET+pardkuma@AP-PC1SLWME MINGW64 ~/OneDrive - Adobe/Desktop/Branching_Git (login-system)
$ git push origin login-system
Everything up-to-date

------------------------ below we can enter into master as well once we are done with login system and merge the same with login-system -----------

ADOBENET+pardkuma@AP-PC1SLWME MINGW64 ~/OneDrive - Adobe/Desktop/Branching_Git (login-system)
$

ADOBENET+pardkuma@AP-PC1SLWME MINGW64 ~/OneDrive - Adobe/Desktop/Branching_Git (login-system)
$ git checkout master
Switched to branch 'master'
Your branch is up to date with 'origin/master'.

ADOBENET+pardkuma@AP-PC1SLWME MINGW64 ~/OneDrive - Adobe/Desktop/Branching_Git (master)
$ git status
On branch master
Your branch is up to date with 'origin/master'.

nothing to commit, working tree clean

ADOBENET+pardkuma@AP-PC1SLWME MINGW64 ~/OneDrive - Adobe/Desktop/Branching_Git (master)
$ git merge login-system
Updating 6388d19..bbd7d5a
Fast-forward
 Git_branch_history.txt | 103 +++++++++++++++++++++++++++++++++++++++++++++++++
 test1.txt              |   2 +-
 test2.txt              |   2 +-
 3 files changed, 105 insertions(+), 2 deletions(-)
 create mode 100644 Git_branch_history.txt

ADOBENET+pardkuma@AP-PC1SLWME MINGW64 ~/OneDrive - Adobe/Desktop/Branching_Git (master)
$ git push -u origin master
Total 0 (delta 0), reused 0 (delta 0), pack-reused 0
To github.com:parkmr027/branching-git.git
   6388d19..bbd7d5a  master -> master
Branch 'master' set up to track remote branch 'master' from 'origin'.

ADOBENET+pardkuma@AP-PC1SLWME MINGW64 ~/OneDrive - Adobe/Desktop/Branching_Git (master)
$ git branch
  login-system
* master

ADOBENET+pardkuma@AP-PC1SLWME MINGW64 ~/OneDrive - Adobe/Desktop/Branching_Git (master)
$ git branch
  login-system
* master

********** below we can delete the branch once we are done with changes -------------

ADOBENET+pardkuma@AP-PC1SLWME MINGW64 ~/OneDrive - Adobe/Desktop/Branching_Git (master)
$ git branch -d login-system
Deleted branch login-system (was bbd7d5a).

ADOBENET+pardkuma@AP-PC1SLWME MINGW64 ~/OneDrive - Adobe/Desktop/Branching_Git (master)
$ git branch
* master

ADOBENET+pardkuma@AP-PC1SLWME MINGW64 ~/OneDrive - Adobe/Desktop/Branching_Git (master)
$ git push origin --delete login-system
To github.com:parkmr027/branching-git.git
 - [deleted]         login-system

ADOBENET+pardkuma@AP-PC1SLWME MINGW64 ~/OneDrive - Adobe/Desktop/Branching_Git (master)
$
